%!Adobe-FontList 1.22
%Locale:0x412

%BeginFont
Handler:DirectoryHandler
FontType:CID
FontName:NotoSansCJKkr-Black
FamilyName:Noto Sans CJK KR
StyleName:Black
FullName:Noto Sans CJK KR Black
MenuName:Noto Sans CJK KR Black
StyleBits:0
FamilyNameNative:Noto Sans CJK KR
StyleNameNative:Black
FullNameNative:Noto Sans CJK KR Black
WritingScript:Korean
OutlineFileName:C:\Users\necos\Documents\카카오톡 받은 파일\대한주정_서브\Font\NotoSansCJKkr-Black.otf
DataFormat:sfntData
isCFF:yes
hasSVG:no
VariableFontType:NonVariableFont
FileLength:17368992
FileModTime:1434372544
WeightClass:900
WidthClass:5
AngleClass:0
NameArray:0,Mac,4,Noto Sans CJK KR Black
NameArray:0,Win,1,Noto Sans CJK KR Black
NameArray:0,Win,16,Noto Sans CJK KR
%EndFont

%BeginFont
Handler:DirectoryHandler
FontType:CID
FontName:NotoSansCJKkr-Bold
FamilyName:Noto Sans CJK KR
StyleName:Bold
FullName:Noto Sans CJK KR Bold
MenuName:Noto Sans CJK KR Bold
StyleBits:0
FamilyNameNative:Noto Sans CJK KR
StyleNameNative:Bold
FullNameNative:Noto Sans CJK KR Bold
WritingScript:Korean
OutlineFileName:C:\Users\necos\Documents\카카오톡 받은 파일\대한주정_서브\Font\NotoSansCJKkr-Bold.otf
DataFormat:sfntData
isCFF:yes
hasSVG:no
VariableFontType:NonVariableFont
FileLength:17027920
FileModTime:1434372544
WeightClass:700
WidthClass:5
AngleClass:0
NameArray:0,Mac,4,Noto Sans CJK KR Bold
NameArray:0,Win,1,Noto Sans CJK KR Bold
NameArray:0,Win,16,Noto Sans CJK KR
%EndFont

%BeginFont
Handler:DirectoryHandler
FontType:CID
FontName:NotoSansCJKkr-DemiLight
FamilyName:Noto Sans CJK KR
StyleName:DemiLight
FullName:Noto Sans CJK KR DemiLight
MenuName:Noto Sans CJK KR DemiLight
StyleBits:0
FamilyNameNative:Noto Sans CJK KR
StyleNameNative:DemiLight
FullNameNative:Noto Sans CJK KR DemiLight
WritingScript:Korean
OutlineFileName:C:\Users\necos\Documents\카카오톡 받은 파일\대한주정_서브\Font\NotoSansCJKkr-DemiLight.otf
DataFormat:sfntData
isCFF:yes
hasSVG:no
VariableFontType:NonVariableFont
FileLength:16397784
FileModTime:1434372544
WeightClass:350
WidthClass:5
AngleClass:0
NameArray:0,Mac,4,Noto Sans CJK KR DemiLight
NameArray:0,Win,1,Noto Sans CJK KR DemiLight
NameArray:0,Win,16,Noto Sans CJK KR
%EndFont

%BeginFont
Handler:DirectoryHandler
FontType:CID
FontName:NotoSansCJKkr-Light
FamilyName:Noto Sans CJK KR
StyleName:Light
FullName:Noto Sans CJK KR Light
MenuName:Noto Sans CJK KR Light
StyleBits:0
FamilyNameNative:Noto Sans CJK KR
StyleNameNative:Light
FullNameNative:Noto Sans CJK KR Light
WritingScript:Korean
OutlineFileName:C:\Users\necos\Documents\카카오톡 받은 파일\대한주정_서브\Font\NotoSansCJKkr-Light.otf
DataFormat:sfntData
isCFF:yes
hasSVG:no
VariableFontType:NonVariableFont
FileLength:16273808
FileModTime:1434372544
WeightClass:300
WidthClass:5
AngleClass:0
NameArray:0,Mac,4,Noto Sans CJK KR Light
NameArray:0,Win,1,Noto Sans CJK KR Light
NameArray:0,Win,16,Noto Sans CJK KR
%EndFont

%BeginFont
Handler:DirectoryHandler
FontType:CID
FontName:NotoSansCJKkr-Medium
FamilyName:Noto Sans CJK KR
StyleName:Medium
FullName:Noto Sans CJK KR Medium
MenuName:Noto Sans CJK KR Medium
StyleBits:0
FamilyNameNative:Noto Sans CJK KR
StyleNameNative:Medium
FullNameNative:Noto Sans CJK KR Medium
WritingScript:Korean
OutlineFileName:C:\Users\necos\Documents\카카오톡 받은 파일\대한주정_서브\Font\NotoSansCJKkr-Medium.otf
DataFormat:sfntData
isCFF:yes
hasSVG:no
VariableFontType:NonVariableFont
FileLength:16534292
FileModTime:1434372544
WeightClass:500
WidthClass:5
AngleClass:0
NameArray:0,Mac,4,Noto Sans CJK KR Medium
NameArray:0,Win,1,Noto Sans CJK KR Medium
NameArray:0,Win,16,Noto Sans CJK KR
%EndFont

%BeginFont
Handler:DirectoryHandler
FontType:CID
FontName:NotoSansCJKkr-Regular
FamilyName:Noto Sans CJK KR
StyleName:Regular
FullName:Noto Sans CJK KR Regular
MenuName:Noto Sans CJK KR Regular
StyleBits:0
FamilyNameNative:Noto Sans CJK KR
StyleNameNative:Regular
FullNameNative:Noto Sans CJK KR Regular
WritingScript:Korean
OutlineFileName:C:\Users\necos\Documents\카카오톡 받은 파일\대한주정_서브\Font\NotoSansCJKkr-Regular.otf
DataFormat:sfntData
isCFF:yes
hasSVG:no
VariableFontType:NonVariableFont
FileLength:16457008
FileModTime:1434372544
WeightClass:400
WidthClass:5
AngleClass:0
NameArray:0,Mac,4,Noto Sans CJK KR Regular
NameArray:0,Win,1,Noto Sans CJK KR Regular
NameArray:0,Win,16,Noto Sans CJK KR
%EndFont

%BeginFont
Handler:DirectoryHandler
FontType:CID
FontName:NotoSansCJKkr-Thin
FamilyName:Noto Sans CJK KR
StyleName:Thin
FullName:Noto Sans CJK KR Thin
MenuName:Noto Sans CJK KR Thin
StyleBits:0
FamilyNameNative:Noto Sans CJK KR
StyleNameNative:Thin
FullNameNative:Noto Sans CJK KR Thin
WritingScript:Korean
OutlineFileName:C:\Users\necos\Documents\카카오톡 받은 파일\대한주정_서브\Font\NotoSansCJKkr-Thin.otf
DataFormat:sfntData
isCFF:yes
hasSVG:no
VariableFontType:NonVariableFont
FileLength:15184072
FileModTime:1434372544
WeightClass:250
WidthClass:5
AngleClass:0
NameArray:0,Mac,4,Noto Sans CJK KR Thin
NameArray:0,Win,1,Noto Sans CJK KR Thin
NameArray:0,Win,16,Noto Sans CJK KR
%EndFont

%BeginFont
Handler:DirectoryHandler
FontType:CID
FontName:NotoSansCJKkr-Black
FamilyName:Noto Sans CJK KR
StyleName:Black
FullName:Noto Sans CJK KR Black
MenuName:Noto Sans CJK KR Black
StyleBits:0
FamilyNameNative:Noto Sans CJK KR
StyleNameNative:Black
FullNameNative:Noto Sans CJK KR Black
WritingScript:Korean
OutlineFileName:C:\Users\necos\Documents\카카오톡 받은 파일\대한주정_서브\Font\NotoSansKR-Black.otf
DataFormat:sfntData
isCFF:yes
hasSVG:no
VariableFontType:NonVariableFont
FileLength:386588
FileModTime:1530214219
WeightClass:900
WidthClass:5
AngleClass:0
NameArray:0,Mac,4,Noto Sans CJK KR Black
NameArray:0,Win,1,Noto Sans CJK KR Black
NameArray:0,Win,16,Noto Sans CJK KR
%EndFont

%BeginFont
Handler:DirectoryHandler
FontType:Invalid
OutlineFileName:C:\Users\necos\Documents\카카오톡 받은 파일\대한주정_서브\Font\NotoSansKR-Black.woff
FileModTime:1530183036
%EndFont

%BeginFont
Handler:DirectoryHandler
FontType:Invalid
OutlineFileName:C:\Users\necos\Documents\카카오톡 받은 파일\대한주정_서브\Font\NotoSansKR-Black.woff2
FileModTime:1530183038
%EndFont

%BeginFont
Handler:DirectoryHandler
FontType:CID
FontName:NotoSansCJKkr-Bold
FamilyName:Noto Sans CJK KR
StyleName:Bold
FullName:Noto Sans CJK KR Bold
MenuName:Noto Sans CJK KR Bold
StyleBits:0
FamilyNameNative:Noto Sans CJK KR
StyleNameNative:Bold
FullNameNative:Noto Sans CJK KR Bold
WritingScript:Korean
OutlineFileName:C:\Users\necos\Documents\카카오톡 받은 파일\대한주정_서브\Font\NotoSansKR-Bold.otf
DataFormat:sfntData
isCFF:yes
hasSVG:no
VariableFontType:NonVariableFont
FileLength:378644
FileModTime:1530214237
WeightClass:700
WidthClass:5
AngleClass:0
NameArray:0,Mac,4,Noto Sans CJK KR Bold
NameArray:0,Win,1,Noto Sans CJK KR Bold
NameArray:0,Win,16,Noto Sans CJK KR
%EndFont

%BeginFont
Handler:DirectoryHandler
FontType:Invalid
OutlineFileName:C:\Users\necos\Documents\카카오톡 받은 파일\대한주정_서브\Font\NotoSansKR-Bold.woff
FileModTime:1530183020
%EndFont

%BeginFont
Handler:DirectoryHandler
FontType:Invalid
OutlineFileName:C:\Users\necos\Documents\카카오톡 받은 파일\대한주정_서브\Font\NotoSansKR-Bold.woff2
FileModTime:1530183030
%EndFont

%BeginFont
Handler:DirectoryHandler
FontType:CID
FontName:NotoSansCJKkr-DemiLight
FamilyName:Noto Sans CJK KR
StyleName:DemiLight
FullName:Noto Sans CJK KR DemiLight
MenuName:Noto Sans CJK KR DemiLight
StyleBits:0
FamilyNameNative:Noto Sans CJK KR
StyleNameNative:DemiLight
FullNameNative:Noto Sans CJK KR DemiLight
WritingScript:Korean
OutlineFileName:C:\Users\necos\Documents\카카오톡 받은 파일\대한주정_서브\Font\NotoSansKR-DemiLight.otf
DataFormat:sfntData
isCFF:yes
hasSVG:no
VariableFontType:NonVariableFont
FileLength:376416
FileModTime:1530213594
WeightClass:350
WidthClass:5
AngleClass:0
NameArray:0,Mac,4,Noto Sans CJK KR DemiLight
NameArray:0,Win,1,Noto Sans CJK KR DemiLight
NameArray:0,Win,16,Noto Sans CJK KR
%EndFont

%BeginFont
Handler:DirectoryHandler
FontType:Invalid
OutlineFileName:C:\Users\necos\Documents\카카오톡 받은 파일\대한주정_서브\Font\NotoSansKR-DemiLight.woff
FileModTime:1530183020
%EndFont

%BeginFont
Handler:DirectoryHandler
FontType:Invalid
OutlineFileName:C:\Users\necos\Documents\카카오톡 받은 파일\대한주정_서브\Font\NotoSansKR-DemiLight.woff2
FileModTime:1530183030
%EndFont

%BeginFont
Handler:DirectoryHandler
FontType:CID
FontName:NotoSansCJKkr-Light
FamilyName:Noto Sans CJK KR
StyleName:Light
FullName:Noto Sans CJK KR Light
MenuName:Noto Sans CJK KR Light
StyleBits:0
FamilyNameNative:Noto Sans CJK KR
StyleNameNative:Light
FullNameNative:Noto Sans CJK KR Light
WritingScript:Korean
OutlineFileName:C:\Users\necos\Documents\카카오톡 받은 파일\대한주정_서브\Font\NotoSansKR-Light.otf
DataFormat:sfntData
isCFF:yes
hasSVG:no
VariableFontType:NonVariableFont
FileLength:379316
FileModTime:1530214250
WeightClass:300
WidthClass:5
AngleClass:0
NameArray:0,Mac,4,Noto Sans CJK KR Light
NameArray:0,Win,1,Noto Sans CJK KR Light
NameArray:0,Win,16,Noto Sans CJK KR
%EndFont

%BeginFont
Handler:DirectoryHandler
FontType:Invalid
OutlineFileName:C:\Users\necos\Documents\카카오톡 받은 파일\대한주정_서브\Font\NotoSansKR-Light.woff
FileModTime:1530183020
%EndFont

%BeginFont
Handler:DirectoryHandler
FontType:Invalid
OutlineFileName:C:\Users\necos\Documents\카카오톡 받은 파일\대한주정_서브\Font\NotoSansKR-Light.woff2
FileModTime:1530183030
%EndFont

%BeginFont
Handler:DirectoryHandler
FontType:CID
FontName:NotoSansCJKkr-Medium
FamilyName:Noto Sans CJK KR
StyleName:Medium
FullName:Noto Sans CJK KR Medium
MenuName:Noto Sans CJK KR Medium
StyleBits:0
FamilyNameNative:Noto Sans CJK KR
StyleNameNative:Medium
FullNameNative:Noto Sans CJK KR Medium
WritingScript:Korean
OutlineFileName:C:\Users\necos\Documents\카카오톡 받은 파일\대한주정_서브\Font\NotoSansKR-Medium.otf
DataFormat:sfntData
isCFF:yes
hasSVG:no
VariableFontType:NonVariableFont
FileLength:373156
FileModTime:1530214279
WeightClass:500
WidthClass:5
AngleClass:0
NameArray:0,Mac,4,Noto Sans CJK KR Medium
NameArray:0,Win,1,Noto Sans CJK KR Medium
NameArray:0,Win,16,Noto Sans CJK KR
%EndFont

%BeginFont
Handler:DirectoryHandler
FontType:Invalid
OutlineFileName:C:\Users\necos\Documents\카카오톡 받은 파일\대한주정_서브\Font\NotoSansKR-Medium.woff
FileModTime:1530183020
%EndFont

%BeginFont
Handler:DirectoryHandler
FontType:Invalid
OutlineFileName:C:\Users\necos\Documents\카카오톡 받은 파일\대한주정_서브\Font\NotoSansKR-Medium.woff2
FileModTime:1530183030
%EndFont

%BeginFont
Handler:DirectoryHandler
FontType:CID
FontName:NotoSansCJKkr-Regular
FamilyName:Noto Sans CJK KR
StyleName:Regular
FullName:Noto Sans CJK KR Regular
MenuName:Noto Sans CJK KR Regular
StyleBits:0
FamilyNameNative:Noto Sans CJK KR
StyleNameNative:Regular
FullNameNative:Noto Sans CJK KR Regular
WritingScript:Korean
OutlineFileName:C:\Users\necos\Documents\카카오톡 받은 파일\대한주정_서브\Font\NotoSansKR-Regular.otf
DataFormat:sfntData
isCFF:yes
hasSVG:no
VariableFontType:NonVariableFont
FileLength:375252
FileModTime:1530214292
WeightClass:400
WidthClass:5
AngleClass:0
NameArray:0,Mac,4,Noto Sans CJK KR Regular
NameArray:0,Win,1,Noto Sans CJK KR Regular
NameArray:0,Win,16,Noto Sans CJK KR
%EndFont

%BeginFont
Handler:DirectoryHandler
FontType:Invalid
OutlineFileName:C:\Users\necos\Documents\카카오톡 받은 파일\대한주정_서브\Font\NotoSansKR-Regular.woff
FileModTime:1530183018
%EndFont

%BeginFont
Handler:DirectoryHandler
FontType:Invalid
OutlineFileName:C:\Users\necos\Documents\카카오톡 받은 파일\대한주정_서브\Font\NotoSansKR-Regular.woff2
FileModTime:1530183028
%EndFont

%BeginFont
Handler:DirectoryHandler
FontType:CID
FontName:NotoSansCJKkr-Thin
FamilyName:Noto Sans CJK KR
StyleName:Thin
FullName:Noto Sans CJK KR Thin
MenuName:Noto Sans CJK KR Thin
StyleBits:0
FamilyNameNative:Noto Sans CJK KR
StyleNameNative:Thin
FullNameNative:Noto Sans CJK KR Thin
WritingScript:Korean
OutlineFileName:C:\Users\necos\Documents\카카오톡 받은 파일\대한주정_서브\Font\NotoSansKR-Thin.otf
DataFormat:sfntData
isCFF:yes
hasSVG:no
VariableFontType:NonVariableFont
FileLength:381964
FileModTime:1530214305
WeightClass:250
WidthClass:5
AngleClass:0
NameArray:0,Mac,4,Noto Sans CJK KR Thin
NameArray:0,Win,1,Noto Sans CJK KR Thin
NameArray:0,Win,16,Noto Sans CJK KR
%EndFont

%BeginFont
Handler:DirectoryHandler
FontType:Invalid
OutlineFileName:C:\Users\necos\Documents\카카오톡 받은 파일\대한주정_서브\Font\NotoSansKR-Thin.woff
FileModTime:1530183018
%EndFont

%BeginFont
Handler:DirectoryHandler
FontType:Invalid
OutlineFileName:C:\Users\necos\Documents\카카오톡 받은 파일\대한주정_서브\Font\NotoSansKR-Thin.woff2
FileModTime:1530183030
%EndFont

